// Jest Snapshot v1, https://goo.gl/fbAQLP

exports[`Dragon screen renders correctly 1`] = `
<div
  className="dragon-container"
/>
`;
