// Jest Snapshot v1, https://goo.gl/fbAQLP

exports[`Rocket screen load correctly 1`] = `
<div
  className="rocket-container"
/>
`;
